
> n8n-monorepo@1.116.0 build /workspace/cmh1a9vux001pq2i3s0mhytsr/n8n
> turbo run build

sh: 1: turbo: not found
 ELIFECYCLE  Command failed.
 WARN   Local package.json exists, but node_modules missing, did you mean to install?
